[00F0] :                HALTMR	EQU	0F0H
[00F1] :                HALTMCR	EQU	0F1H
                        ;
[0010] :                CTC0	EQU	10H
[0011] :                CTC1	EQU	11H
[0012] :                CTC2	EQU	12H
[0013] :                CTC3	EQU	13H
                        ;
[001C] :                PAD	EQU	1CH
[001D] :                PAC	EQU	1DH
[001E] :                PBD	EQU	1EH
[001F] :                PBC	EQU	1FH
                        ;
[0030] :                PPA0	EQU	30H
[0031] :                PPB0	EQU	31H
[0032] :                PPC0	EQU	32H
[0033] :                PPR0	EQU	33H
                        ;
[0034] :                PPA1	EQU	34H
[0035] :                PPB1	EQU	35H
[0036] :                PPC1	EQU	36H
[0037] :                PPR1	EQU	37H
                        ;----------------------------
                        ; 時間記憶用RAM領域の番地定数
                        ;----------------------------
[9100] :                HOR01	EQU	9100H	; 時 1桁目
[9101] :                HOR10	EQU	9101H	; 時 2桁目
[9102] :                MIN01	EQU	9102H	; 分 1桁目
[9103] :                MIN10	EQU	9103H	; 分 2桁目
[9104] :                SEC01	EQU	9104H	; 秒 1桁目
[9105] :                SEC10	EQU	9105H	; 秒 2桁目
                        ;----------------------------
[9106] :                FLAG1	EQU	9106H	; ±フラグ(分)
[9107] :                FLAG2	EQU	9107H	; ±フラグ(時)
                        ;--------------------------------------
[8000] :                	ORG	8000H
                        ;------------------------------------------------
                        ; 初期化
                        ;------------------------------------------------
[8000] : 31 00 00       	LD	SP,00H
[8003] : F3             	DI
[8004] : CD F3 82       	CALL	WDTINI
[8007] : CD 00 83       	CALL	CPUINI
[800A] : CD 1C 83       	CALL	PIOINI
[800D] : CD 07 83       	CALL	CTCINI
[8010] : CD 2D 83       	CALL	PPIINI
[8013] : CD 36 83       	CALL	IVSET
                        ;----------------------------
[8016] : CD 56 83       	CALL	LWAIT
[8019] : CD 56 83       	CALL	LWAIT
[801C] : CD 56 83       	CALL	LWAIT
                        ;----------------------------
[801F] : CD 53 82       	CALL	INSINI
[8022] : CD 81 82       	CALL	CLEAR
[8025] : CD 53 82       	CALL	INSINI
[8028] : CD 73 83       	CALL	R010
                        ;----------------------------
[802B] : CD 47 83       	CALL	WAIT
[802E] : CD 47 83       	CALL	WAIT
[8031] : CD 47 83       	CALL	WAIT
                        ;----------------------------
                        ; トウキョウの表示
                        ;----------------------------
[8034] : 3E C4          	LD	A,0C4H	;ト
[8036] : CD 75 82       	CALL	WRITE
[8039] : 3E B3          	LD	A,0B3H	;ウ
[803B] : CD 75 82       	CALL	WRITE
[803E] : 3E B7          	LD	A,0B7H	;キ
[8040] : CD 75 82       	CALL	WRITE
[8043] : 3E AE          	LD	A,0AEH	;ョ
[8045] : CD 75 82       	CALL	WRITE
[8048] : 3E B3          	LD	A,0B3H	;ウ
[804A] : CD 75 82       	CALL	WRITE
                        ;----------------------------
                        ; 時間設定
                        ;----------------------------
[804D] : 3E 00          	LD	A,00H
                        ;----------------------------
[804F] : 32 00 91       	LD	(HOR01),A
[8052] : 32 01 91       	LD	(HOR10),A
                        ;----------------------------
[8055] : 32 02 91       	LD	(MIN01),A
[8058] : 32 03 91       	LD	(MIN10),A
                        ;----------------------------
[805B] : 32 04 91       	LD	(SEC01),A
[805E] : 32 05 91       	LD	(SEC10),A
                        ;------------------------------------------------
                        ; メインルーチン
                        ;------------------------------------------------
[8061] : CD 3E 83       	CALL	CHANEL
                        ;----------------------------
[8064] : DB 30          	IN	A,(PPA0)
[8066] : 47             	LD	B,A
                        ;----------------------------
[8067] : CD 97 82       	CALL	SWCNL2
                        ;----------------------------
[806A] : DB 30          	IN	A,(PPA0)
[806C] : 4F             	LD	C,A
                        ;----------------------------
[806D] : CD 89 82       	CALL	SWCNL1
                        ;----------------------------
[8070] : CD B1 82       	CALL	TIME
                        ;----------------------------
[8073] : FB             	EI
[8074] : 18 FE          	JR	$
                        ;------------------------------------------------
                        ; 割り込み / タイマー
                        ;------------------------------------------------
                        ; FLAG1 : 0000 00xx / 下位2ビット : 大,小
                        ;------------------------------------------------
                        ; FLAG2 : 0000 00xx / 下位2ビット : 大,小
                        ;------------------------------------------------
[8076] : 3E 00          INT1:	LD	A,00H
[8078] : 32 06 91       	LD	(FLAG1),A	;フラグの初期化
[807B] : 32 07 91       	LD	(FLAG2),A	;フラグの初期化
                        ;----------------------------
[807E] : CD 89 82       	CALL	SWCNL1
                        ;----------------------------
[8081] : DB 30          	IN	A,(PPA0)
[8083] : 5F             	LD	E,A
[8084] : DB 30          	IN	A,(PPA0)
[8086] : BB             	CP	E
[8087] : CA 8D 80       	JP	Z,CP1
[808A] : C3 A2 80       	JP	INT2
                        ;----------------------------
[808D] : B8             CP1:	CP	B		;前回の値と比較
[808E] : 47             	LD	B,A		;LDでフラグは変わらんのでここで保存
[808F] : CA A2 80       	JP	Z,INT2		;変化がなかった
[8092] : DA 9D 80       	JP	C,MINS		;小さかった
[8095] : 3E 02          	LD	A,02		;大きかった
[8097] : 32 06 91       	LD	(FLAG1),A	;大きかったフラグ
[809A] : C3 A2 80       	JP	INT2
[809D] : 3E 01          MINS:	LD	A,01H		;小さかったフラグ
[809F] : 32 06 91       	LD	(FLAG1),A
                        ;----------------------------
[80A2] : CD 97 82       INT2:	CALL	SWCNL2
                        ;----------------------------
[80A5] : DB 30          	IN	A,(PPA0)
[80A7] : 5F             	LD	E,A
[80A8] : DB 30          	IN	A,(PPA0)
[80AA] : BB             	CP	E
[80AB] : CA B1 80       	JP	Z,CP2
[80AE] : C3 C6 80       	JP	INT3
                        ;----------------------------
[80B1] : B9             CP2:	CP	C		;前回の値と比較
[80B2] : 4F             	LD	C,A		;LDでフラグは変わらんのでここで保存
[80B3] : CA C6 80       	JP	Z,INT3		;変化がなかった
[80B6] : DA C1 80       	JP	C,HORS		;小さかった
[80B9] : 3E 02          	LD	A,02H		;大きかった
[80BB] : 32 07 91       	LD	(FLAG2),A	;大きかったフラグ
[80BE] : C3 C6 80       	JP	INT3
[80C1] : 3E 01          HORS:	LD	A,01H		;小さかったフラグ
[80C3] : 32 07 91       	LD	(FLAG2),A
                        ;----------------------------
                        ; 分の確認/増減
                        ;----------------------------
[80C6] : 3A 06 91       INT3:	LD	A,(FLAG1)
[80C9] : FE 02          	CP	02H
[80CB] : CA D6 80       	JP	Z,MIN01L	;インクリメント
[80CE] : FE 01          	CP	01H
[80D0] : CA 07 81       	JP	Z,MIN01S	;デクリメント
[80D3] : C3 34 81       	JP	INT4		;そのまま
                        ;---------------------------
[80D6] : 3A 02 91       MIN01L:	LD	A,(MIN01)	;;;以下こぴぺ
[80D9] : 3C             	INC	A
[80DA] : FE 0A          	CP	0AH		;1桁目が10だった
[80DC] : CA E5 80       	JP	Z,ML01
[80DF] : 32 02 91       	LD	(MIN01),A	;10ではなかった
[80E2] : C3 34 81       	JP	INT4
[80E5] : 3A 03 91       ML01:	LD	A,(MIN10)	;10だったので2桁目を調べる
[80E8] : FE 05          	CP	05H		;2桁目は5か？
[80EA] : CA FC 80       	JP	Z,ML10
[80ED] : 3E 00          	LD	A,00H		;1桁目に0を代入
[80EF] : 32 02 91       	LD	(MIN01),A	;
[80F2] : 3A 03 91       	LD	A,(MIN10)
[80F5] : 3C             	INC	A		;5ではないので+1
[80F6] : 32 03 91       	LD	(MIN10),A
[80F9] : C3 34 81       	JP	INT4
[80FC] : 3E 00          ML10:	LD	A,00H		;5なので0を代入
[80FE] : 32 02 91       	LD	(MIN01),A
[8101] : 32 03 91       	LD	(MIN10),A
[8104] : C3 34 81       	JP	INT4
                        ;----------------------------
[8107] : 3A 02 91       MIN01S:	LD	A,(MIN01)	;;;以下こぴぺ
[810A] : FE 00          	CP	00H		;1桁目が0だったら
[810C] : CA 16 81       	JP	Z,MS01		;2桁目を調べに
[810F] : 3D             	DEC	A		;デクリメント
[8110] : 32 02 91       	LD	(MIN01),A	;戻す
[8113] : C3 34 81       	JP	INT4
[8116] : 3A 03 91       MS01:	LD	A,(MIN10)	;2桁目調べ
[8119] : FE 00          	CP	00H		;0か？
[811B] : CA 2A 81       	JP	Z,MS10
[811E] : 3D             	DEC	A		;0ではないので-1
[811F] : 32 03 91       	LD	(MIN10),A	;
[8122] : 3E 09          	LD	A,09H		;1桁目を9に
[8124] : 32 02 91       	LD	(MIN01),A	;
[8127] : C3 34 81       	JP	INT4
[812A] : 3E 05          MS10:	LD	A,05H		;両方0なので59
[812C] : 32 03 91       	LD	(MIN10),A	;
[812F] : 3E 09          	LD	A,09H		;
[8131] : 32 02 91       	LD	(MIN01),A	;
                        ;----------------------------
                        ; 時の確認/増減
                        ;----------------------------
[8134] : 3A 07 91       INT4:	LD	A,(FLAG2)
[8137] : FE 02          	CP	02H
[8139] : CA 44 81       	JP	Z,HOR01L	;インクリメント
[813C] : FE 01          	CP	01H
[813E] : CA 84 81       	JP	Z,HOR01S	;デクリメント
[8141] : C3 B1 81       	JP	INT5		;そのまま
                        ;----------------------------
[8144] : 3A 01 91       HOR01L:	LD	A,(HOR10)	;;;以下こぴぺ
[8147] : FE 02          	CP	02H		;2桁目が2だったら
[8149] : CA 6A 81       	JP	Z,HL02
[814C] : 3A 00 91       	LD	A,(HOR01)
[814F] : FE 09          	CP	09H		;2桁目が2ではなく1桁目が9だったら
[8151] : CA 5B 81       	JP	Z,HL01
[8154] : 3C             	INC	A		;2桁目が2ではなく1桁目が9ではなかった
[8155] : 32 00 91       	LD	(HOR01),A
[8158] : C3 B1 81       	JP	INT5
[815B] : 3E 00          HL01:	LD	A,00H		;---2桁目が2ではなく1桁目が9だったら
[815D] : 32 00 91       	LD	(HOR01),A	;1桁目を0に
[8160] : 3A 01 91       	LD	A,(HOR10)
[8163] : 3C             	INC	A		;2桁目を+1
[8164] : 32 01 91       	LD	(HOR10),A
[8167] : C3 B1 81       	JP	INT5
[816A] : 3A 00 91       HL02:	LD	A,(HOR01)	;---2桁目が2だったら
[816D] : FE 03          	CP	03H		;1桁目が3だったら
[816F] : CA 79 81       	JP	Z,HL03
[8172] : 3C             	INC	A
[8173] : 32 00 91       	LD	(HOR01),A
[8176] : C3 B1 81       	JP	INT5
[8179] : 3E 00          HL03:	LD	A,00H
[817B] : 32 00 91       	LD	(HOR01),A
[817E] : 32 01 91       	LD	(HOR10),A
[8181] : C3 B1 81       	JP	INT5
                        ;----------------------------
[8184] : 3A 00 91       HOR01S:	LD	A,(HOR01)	;;;以下こぴぺ
[8187] : FE 00          	CP	00H		;1桁目が0だったら
[8189] : CA 93 81       	JP	Z,HS01
[818C] : 3D             	DEC	A		;0ではなかった
[818D] : 32 00 91       	LD	(HOR01),A
[8190] : C3 B1 81       	JP	INT5
[8193] : 3A 01 91       HS01:	LD	A,(HOR10)	;1桁目が0なので2桁目を調べる
[8196] : FE 00          	CP	00H		;0か？
[8198] : CA A7 81       	JP	Z,HS10
[819B] : 3D             	DEC	A		;0ではないので-1
[819C] : 32 01 91       	LD	(HOR10),A
[819F] : 3E 09          	LD	A,09H		;1桁目を9に
[81A1] : 32 00 91       	LD	(HOR01),A
[81A4] : C3 B1 81       	JP	INT5
[81A7] : 3E 02          HS10:	LD	A,02H		;両方0なので23
[81A9] : 32 01 91       	LD	(HOR10),A
[81AC] : 3E 03          	LD	A,03H
[81AE] : 32 00 91       	LD	(HOR01),A
                        ;----------------------------
                        ; 時刻書き込み
                        ;----------------------------
[81B1] : 3A 04 91       INT5:	LD	A,(SEC01)	;;;以下こぴぺ
[81B4] : 3C             	INC	A
[81B5] : FE 0A          	CP	0AH
[81B7] : C2 C2 81       	JP	NZ,INT10
[81BA] : 3E 00          	LD	A,00H
[81BC] : 32 04 91       	LD	(SEC01),A
[81BF] : C3 C8 81       	JP	SEC010
[81C2] : 32 04 91       INT10:	LD	(SEC01),A
[81C5] : C3 4D 82       	JP	TIMER
                        ;---------------------------- 秒 : 2桁目
[81C8] : 3A 05 91       SEC010:	LD	A,(SEC10)
[81CB] : 3C             	INC	A
[81CC] : FE 06          	CP	06H
[81CE] : C2 D9 81       	JP	NZ,INT11
[81D1] : 3E 00          	LD	A,00H
[81D3] : 32 05 91       	LD	(SEC10),A
[81D6] : C3 DF 81       	JP	MIN001
[81D9] : 32 05 91       INT11:	LD	(SEC10),A
[81DC] : C3 4D 82       	JP	TIMER
                        ;---------------------------- 分 : 1桁目
[81DF] : 3A 02 91       MIN001:	LD	A,(MIN01)	;今の値をもらって
[81E2] : 3C             	INC	A		;+1
[81E3] : FE 0A          	CP	0AH		;10になったか？
[81E5] : C2 F0 81       	JP	NZ,INT12	;10になっていなかったら値を戻して書き込みに行く
[81E8] : 3E 00          	LD	A,00H		;10になっているので0を入れる
[81EA] : 32 02 91       	LD	(MIN01),A	;戻す
[81ED] : C3 F6 81       	JP	MIN010		;2桁目へ
[81F0] : 32 02 91       INT12:	LD	(MIN01),A
[81F3] : C3 4D 82       	JP	TIMER
                        ;---------------------------- 分 : 2桁目
[81F6] : 3A 03 91       MIN010:	LD	A,(MIN10)	;今の値をもらって
[81F9] : 3C             	INC	A		;+1
[81FA] : FE 06          	CP	06H		;6になったか？
[81FC] : C2 07 82       	JP	NZ,INT13	;6になっていなかったら値を戻して書き込みに行く
[81FF] : 3E 00          	LD	A,00H		;6になっているので0を入れる
[8201] : 32 03 91       	LD	(MIN10),A	;戻す
[8204] : C3 0D 82       	JP	HOR001		;時間の1桁目へ
[8207] : 32 03 91       INT13:	LD	(MIN10),A
[820A] : C3 4D 82       	JP	TIMER
                        ;---------------------------- 時 : 1桁目
[820D] : 3A 01 91       HOR001:	LD	A,(HOR10)
[8210] : FE 02          	CP	02H
[8212] : CA 2C 82       	JP	Z,INT15
                        ;----------------------------
[8215] : 3A 00 91       	LD	A,(HOR01)
[8218] : 3C             	INC	A
[8219] : FE 0A          	CP	0AH
[821B] : C2 26 82       	JP	NZ,INT14
[821E] : 3E 00          	LD	A,00H
[8220] : 32 00 91       	LD	(HOR01),A
[8223] : C3 46 82       	JP	HOR010
[8226] : 32 00 91       INT14:	LD	(HOR01),A
[8229] : C3 4D 82       	JP	TIMER
                        ;----------------------------
[822C] : 3A 00 91       INT15:	LD	A,(HOR01)
[822F] : 3C             	INC	A
[8230] : FE 04          	CP	04H
[8232] : CA 3B 82       	JP	Z,INT16
[8235] : 32 00 91       	LD	(HOR01),A
[8238] : C3 4D 82       	JP	TIMER
[823B] : 3E 00          INT16:	LD	A,00H
[823D] : 32 01 91       	LD	(HOR10),A
[8240] : 32 00 91       	LD	(HOR01),A
[8243] : C3 4D 82       	JP	TIMER
                        ;---------------------------- 時 : 2桁目
[8246] : 3A 01 91       HOR010:	LD	A,(HOR10)
[8249] : 3C             	INC	A
[824A] : 32 01 91       	LD	(HOR10),A
                        ;----------------------------
[824D] : CD B1 82       TIMER:	CALL	TIME
                        ;----------------------------
[8250] : FB             	EI
[8251] : ED 4D          	RETI
                        ;------------------------------------------------
                        ; サブルーチン
                        ;------------------------------------------------
                        ;
                        ;----------------------------
                        ; インストラクションの設定
                        ;----------------------------
[8253] : CD 65 83       INSINI:	CALL	R000
[8256] : CD 47 83       	CALL	WAIT
                        ;
                        ; ファンクションセット：
                        ;   インターフェイスデータ長8bit
                        ;   デューティ16分の1
                        ;   5x7ドットマトリクス
                        ;
[8259] : 3E 38          	LD	A,38H
[825B] : CD 69 82       	CALL	INSSET
                        ;
                        ; 表示オンオフ：
                        ;   表示ON
                        ;   カーソル/ブリンクOFF
                        ;
[825E] : 3E 0C          	LD	A,0CH
[8260] : CD 69 82       	CALL	INSSET
                        ;
                        ; エントリーモード
                        ;   カーソルはインクリメント
                        ;   表示はシフトしない
                        ;
[8263] : 3E 06          	LD	A,06H
[8265] : CD 69 82       	CALL	INSSET
                        ;
[8268] : C9             	RET
                        ;----------------------------
                        ; 簡単インストラクション設定
                        ;----------------------------
[8269] : CD 6C 83       INSSET:	CALL	R001
[826C] : D3 1C          	OUT	(PAD),A
[826E] : CD 47 83       	CALL	WAIT
[8271] : CD 65 83       	CALL	R000
[8274] : C9             	RET
                        ;----------------------------
                        ; CGRAM/DDRAMに書き込み
                        ;----------------------------
[8275] : CD 7A 83       WRITE:	CALL	R011
[8278] : D3 1C          	OUT	(PAD),A
[827A] : CD 47 83       	CALL	WAIT
[827D] : CD 73 83       	CALL	R010
[8280] : C9             	RET
                        ;----------------------------
                        ; 表示をクリア
                        ;----------------------------
[8281] : F5             CLEAR:	PUSH	AF
[8282] : 3E 01          	LD	A,01H
[8284] : CD 69 82       	CALL	INSSET
[8287] : F1             	POP	AF
[8288] : C9             	RET
                        ;----------------------------
                        ; チャンネル1に切り替え
                        ;----------------------------
[8289] : F5             SWCNL1:	PUSH	AF
[828A] : 3E F0          	LD	A,0F0H
[828C] : D3 31          	OUT	(PPB0),A
[828E] : 3E F8          	LD	A,0F8H
[8290] : D3 31          	OUT	(PPB0),A
                        ;----------------------------
[8292] : CD 56 83       	CALL	LWAIT
                        ;----------------------------
[8295] : F1             	POP	AF
[8296] : C9             	RET
                        ;----------------------------
                        ; チャンネル2に切り替え
                        ;----------------------------
[8297] : F5             SWCNL2:	PUSH	AF
[8298] : 3E F7          	LD	A,0F7H
[829A] : D3 31          	OUT	(PPB0),A
[829C] : 3E FF          	LD	A,0FFH
[829E] : D3 31          	OUT	(PPB0),A
                        ;----------------------------
[82A0] : CD 56 83       	CALL	LWAIT
                        ;----------------------------
[82A3] : F1             	POP	AF
[82A4] : C9             	RET
                        ;----------------------------
                        ; 簡単時間書き込み
                        ;----------------------------
[82A5] : C6 30          HOUR:	ADD	A,30H
[82A7] : CD 75 82       	CALL	WRITE
[82AA] : C9             	RET
                        ;----------------------------
                        ; コロンを表示
                        ;----------------------------
[82AB] : 3E 3A          CORON:	LD	A,3AH
[82AD] : CD 75 82       	CALL	WRITE
[82B0] : C9             	RET
                        ;----------------------------
                        ; コロン + 分 + コロン + 秒
                        ;----------------------------
[82B1] : CD 65 83       TIME:	CALL	R000
[82B4] : 3E 89          	LD	A,89H
[82B6] : CD 69 82       	CALL	INSSET
[82B9] : CD 73 83       	CALL	R010
                        ;----------------------------
[82BC] : 3A 01 91       	LD	A,(HOR10)
[82BF] : C6 30          	ADD	A,30H
[82C1] : CD 75 82       	CALL	WRITE
                        ;----------------------------
[82C4] : 3A 00 91       	LD	A,(HOR01)
[82C7] : C6 30          	ADD	A,30H
[82C9] : CD 75 82       	CALL	WRITE
                        ;----------------------------
[82CC] : CD AB 82       	CALL	CORON
                        ;----------------------------
[82CF] : 3A 03 91       	LD	A,(MIN10)
[82D2] : C6 30          	ADD	A,30H
[82D4] : CD 75 82       	CALL	WRITE
                        ;----------------------------
[82D7] : 3A 02 91       	LD	A,(MIN01)
[82DA] : C6 30          	ADD	A,30H
[82DC] : CD 75 82       	CALL	WRITE
                        ;----------------------------
[82DF] : CD AB 82       	CALL	CORON
                        ;----------------------------
[82E2] : 3A 05 91       	LD	A,(SEC10)
[82E5] : C6 30          	ADD	A,30H
[82E7] : CD 75 82       	CALL	WRITE
                        ;----------------------------
[82EA] : 3A 04 91       	LD	A,(SEC01)
[82ED] : C6 30          	ADD	A,30H
[82EF] : CD 75 82       	CALL	WRITE
                        ;----------------------------
[82F2] : C9             	RET
                        ;----------------------------
                        ; WDTの設定
                        ;----------------------------
[82F3] : 3E DB          WDTINI:	LD	A,0DBH
[82F5] : D3 F1          	OUT	(HALTMCR),A
[82F7] : 3E 7B          	LD	A,7BH
[82F9] : D3 F0          	OUT	(HALTMR),A
[82FB] : 3E B1          	LD	A,0B1H
[82FD] : D3 F1          	OUT	(HALTMCR),A
[82FF] : C9             	RET
                        ;----------------------------
                        ; CPUの設定
                        ;----------------------------
[8300] : ED 5E          CPUINI:	IM	2
[8302] : 3E 8F          	LD	A,8FH
[8304] : ED 47          	LD	I,A
[8306] : C9             	RET
                        ;----------------------------
                        ; CTCの設定
                        ;----------------------------
[8307] : 3E 00          CTCINI:	LD	A,0
[8309] : D3 10          	OUT	(CTC0),A
[830B] : 3E D5          	LD	A,0D5H
[830D] : D3 12          	OUT	(CTC2),A
[830F] : 3E 96          	LD	A,150
[8311] : D3 12          	OUT	(CTC2),A
[8313] : 3E 35          	LD	A,35H
[8315] : D3 13          	OUT	(CTC3),A
[8317] : 3E 00          	LD	A,0
[8319] : D3 13          	OUT	(CTC3),A
[831B] : C9             	RET
                        ;----------------------------
                        ; PIOの設定
                        ;----------------------------
[831C] : 3E CF          PIOINI:	LD	A,0CFH
[831E] : D3 1D          	OUT	(PAC),A
[8320] : 3E 00          	LD	A,0
[8322] : D3 1D          	OUT	(PAC),A
[8324] : 3E CF          	LD	A,0CFH
[8326] : D3 1F          	OUT	(PBC),A
[8328] : 3E 00          	LD	A,0
[832A] : D3 1F          	OUT	(PBC),A
[832C] : C9             	RET
                        ;----------------------------
                        ; PPIの設定
                        ;----------------------------
[832D] : 3E 90          PPIINI:	LD	A,90H
[832F] : D3 33          	OUT	(PPR0),A
[8331] : 3E 80          	LD	A,80H
[8333] : D3 37          	OUT	(PPR1),A
[8335] : C9             	RET
                        ;----------------------------
                        ; IVSETの設定
                        ;----------------------------
[8336] : 01 76 80       IVSET:	LD	BC,INT1
[8339] : ED 43 04 8F    	LD	(8F04H),BC
[833D] : C9             	RET
                        ;----------------------------
                        ; チャンネルの設定
                        ;----------------------------
[833E] : 3E F0          CHANEL:	LD	A,0F0H
[8340] : D3 31          	OUT	(PPB0),A
[8342] : 3E F8          	LD	A,0F8H
[8344] : D3 31          	OUT	(PPB0),A
[8346] : C9             	RET
                        ;----------------------------
                        ; 時間待ち
                        ;----------------------------
[8347] : C5             WAIT:	PUSH	BC
[8348] : 0E 08          	LD	C,08H
[834A] : 06 FF          W2:	LD	B,0FFH
[834C] : 05             W3:	DEC	B
[834D] : C2 4C 83       	JP	NZ,W3
[8350] : 0D             	DEC	C
[8351] : C2 4A 83       	JP	NZ,W2
[8354] : C1             	POP	BC
[8355] : C9             	RET
                        ;----------------------------
                        ; 時間待ち(長い)
                        ;----------------------------
[8356] : C5             LWAIT:	PUSH	BC
[8357] : 0E 00          	LD	C,00H
[8359] : 06 00          LW2:	LD	B,00H
[835B] : 05             LW3:	DEC	B
[835C] : C2 5B 83       	JP	NZ,LW3
[835F] : 0D             	DEC	C
[8360] : C2 59 83       	JP	NZ,LW2
[8363] : C1             	POP	BC
[8364] : C9             	RET
                        ;----------------------------
                        ; インストラクションの設定[開始/終了]
                        ;----------------------------
[8365] : F5             R000:	PUSH	AF
[8366] : 3E 00          	LD	A,00H
[8368] : D3 1E          	OUT	(PBD),A
[836A] : F1             	POP	AF
[836B] : C9             	RET
                        ;----------------------------
                        ; インストラクションの設定
                        ;----------------------------
[836C] : F5             R001:	PUSH	AF
[836D] : 3E 04          	LD	A,04H
[836F] : D3 1E          	OUT	(PBD),A
[8371] : F1             	POP	AF
[8372] : C9             	RET
                        ;----------------------------
                        ; 文字データ書き込み[開始/終了]
                        ;----------------------------
[8373] : F5             R010:	PUSH	AF
[8374] : 3E 01          	LD	A,01H
[8376] : D3 1E          	OUT	(PBD),A
[8378] : F1             	POP	AF
[8379] : C9             	RET
                        ;----------------------------
                        ; 文字データ書き込み
                        ;----------------------------
[837A] : F5             R011:	PUSH	AF
[837B] : 3E 05          	LD	A,05H
[837D] : D3 1E          	OUT	(PBD),A
[837F] : F1             	POP	AF
[8380] : C9             	RET
                        ;--------------------------------------
                        	END
                        ;[EOF]
