[00F0] :                HALTMR	EQU	0F0H
[00F1] :                HALTMCR	EQU	0F1H
                        ;
[0010] :                CTC0	EQU	10H
[0011] :                CTC1	EQU	11H
[0012] :                CTC2	EQU	12H
[0013] :                CTC3	EQU	13H
                        ;
[001C] :                PAD	EQU	1CH
[001D] :                PAC	EQU	1DH
[001E] :                PBD	EQU	1EH
[001F] :                PBC	EQU	1FH
                        ;----------------------------
                        ; 東京
                        ;----------------------------
[9000] :                TYO01	EQU	9000H	; 時 1桁目
[9001] :                TYO10	EQU	9001H	; 時 2桁目
                        ;----------------------------
                        ; 共通時間
                        ;----------------------------
[9002] :                MIN01	EQU	9002H	; 分 1桁目
[9003] :                MIN10	EQU	9003H	; 分 2桁目
[9004] :                SEC01	EQU	9004H	; 秒 1桁目
[9005] :                SEC10	EQU	9005H	; 秒 2桁目
                        ;----------------------------
                        ; ロンドン	: 東京 - 9時間
                        ;----------------------------
[9006] :                LND01	EQU	9006H	; 時 1桁目
[9007] :                LND10	EQU	9007H	; 時 2桁目
                        ;----------------------------
                        ; モントリオール: 東京 - 14時間
                        ;----------------------------
[9008] :                MTR01	EQU	9008H	; 時 1桁目
[9009] :                MTR10	EQU	9009H	; 時 2桁目
                        ;----------------------------
                        ; ロサンゼルス	: 東京 - 17時間
                        ;----------------------------
[900A] :                LSS01	EQU	900AH	; 時 1桁目
[900B] :                LSS10	EQU	900BH	; 時 2桁目
                        ;--------------------------------------
[8000] :                	ORG	8000H
                        ;------------------------------------------------
                        ; 初期化
                        ;------------------------------------------------
[8000] : 31 00 00       	LD	SP,00H
[8003] : F3             	DI
[8004] : CD 36 83       	CALL	WDTINI
[8007] : CD 43 83       	CALL	CPUINI
[800A] : CD 4A 83       	CALL	CTCINI
[800D] : CD 5F 83       	CALL	PIOINI
[8010] : CD 70 83       	CALL	IVSET
                        ;----------------------------
[8013] : CD CD 82       	CALL	INSINI
[8016] : CD FB 82       	CALL	CLEAR
[8019] : CD CD 82       	CALL	INSINI
[801C] : CD A4 83       	CALL	R010
                        ;----------------------------
[801F] : CD 87 83       	CALL	LWAIT
[8022] : CD 87 83       	CALL	LWAIT
[8025] : CD 87 83       	CALL	LWAIT
[8028] : CD 87 83       	CALL	LWAIT
[802B] : CD 87 83       	CALL	LWAIT
                        ;----------------------------
                        ; トウキョウの表示
                        ;----------------------------
[802E] : 3E C4          	LD	A,0C4H	;ト
[8030] : CD EF 82       	CALL	WRITE
[8033] : 3E B3          	LD	A,0B3H	;ウ
[8035] : CD EF 82       	CALL	WRITE
[8038] : 3E B7          	LD	A,0B7H	;キ
[803A] : CD EF 82       	CALL	WRITE
[803D] : 3E AE          	LD	A,0AEH	;ョ
[803F] : CD EF 82       	CALL	WRITE
[8042] : 3E B3          	LD	A,0B3H	;ウ
[8044] : CD EF 82       	CALL	WRITE
                        ;----------------------------
[8047] : CD 96 83       	CALL	R000
[804A] : 3E C0          	LD	A,0C0H
[804C] : CD E3 82       	CALL	INSSET
[804F] : CD A4 83       	CALL	R010
                        ;----------------------------
                        ; ロンドンの表示
                        ;----------------------------
[8052] : 3E DB          	LD	A,0DBH	; ロ
[8054] : CD EF 82       	CALL	WRITE
[8057] : 3E DD          	LD	A,0DDH	; ン
[8059] : CD EF 82       	CALL	WRITE
[805C] : 3E C4          	LD	A,0C4H	; ト
[805E] : CD EF 82       	CALL	WRITE
[8061] : 3E DE          	LD	A,0DEH	; (濁点)
[8063] : CD EF 82       	CALL	WRITE
[8066] : 3E DD          	LD	A,0DDH	; ン
[8068] : CD EF 82       	CALL	WRITE
                        ;----------------------------
[806B] : CD 96 83       	CALL	R000
[806E] : 3E 94          	LD	A,094H
[8070] : CD E3 82       	CALL	INSSET
[8073] : CD A4 83       	CALL	R010
                        ;----------------------------
                        ; モントリオールの表示
                        ;----------------------------
[8076] : 3E D3          	LD	A,0D3H	; モ
[8078] : CD EF 82       	CALL	WRITE
[807B] : 3E DD          	LD	A,0DDH	; ン
[807D] : CD EF 82       	CALL	WRITE
[8080] : 3E C4          	LD	A,0C4H	; ト
[8082] : CD EF 82       	CALL	WRITE
[8085] : 3E D8          	LD	A,0D8H	; リ
[8087] : CD EF 82       	CALL	WRITE
[808A] : 3E B5          	LD	A,0B5H	; オ
[808C] : CD EF 82       	CALL	WRITE
[808F] : 3E B0          	LD	A,0B0H	; ー
[8091] : CD EF 82       	CALL	WRITE
[8094] : 3E D9          	LD	A,0D9H	; ル
[8096] : CD EF 82       	CALL	WRITE
                        ;----------------------------
[8099] : CD 96 83       	CALL	R000
[809C] : 3E D4          	LD	A,0D4H
[809E] : CD E3 82       	CALL	INSSET
[80A1] : CD A4 83       	CALL	R010
                        ;----------------------------
                        ; ロサンゼルスの表示
                        ;----------------------------
[80A4] : 3E DB          	LD	A,0DBH	; ロ
[80A6] : CD EF 82       	CALL	WRITE
[80A9] : 3E BB          	LD	A,0BBH	; サ
[80AB] : CD EF 82       	CALL	WRITE
[80AE] : 3E DD          	LD	A,0DDH	; ン
[80B0] : CD EF 82       	CALL	WRITE
[80B3] : 3E BE          	LD	A,0BEH	; セ
[80B5] : CD EF 82       	CALL	WRITE
[80B8] : 3E DE          	LD	A,0DEH	; (濁点)
[80BA] : CD EF 82       	CALL	WRITE
[80BD] : 3E D9          	LD	A,0D9H	; ル
[80BF] : CD EF 82       	CALL	WRITE
[80C2] : 3E BD          	LD	A,0BDH	; ス
[80C4] : CD EF 82       	CALL	WRITE
                        ;----------------------------
                        ; 共通時間設定
                        ;----------------------------
[80C7] : 3E 00          	LD	A,00H;;;09H
[80C9] : 32 02 90       	LD	(MIN01),A
[80CC] : 3E 00          	LD	A,00H;;;05H
[80CE] : 32 03 90       	LD	(MIN10),A
                        ;----------------------------
[80D1] : 3E 00          	LD	A,00H
[80D3] : 32 04 90       	LD	(SEC01),A
[80D6] : 3E 00          	LD	A,00H;;;05H
[80D8] : 32 05 90       	LD	(SEC10),A
                        ;----------------------------
                        ; 東京の時間設定
                        ;----------------------------
[80DB] : 3E 00          	LD	A,00H
[80DD] : 32 00 90       	LD	(TYO01),A
[80E0] : 3E 00          	LD	A,00H
[80E2] : 32 01 90       	LD	(TYO10),A
                        ;----------------------------
                        ; ロンドンの時間設定
                        ;----------------------------
[80E5] : 3E 05          	LD	A,05H
[80E7] : 32 06 90       	LD	(LND01),A
[80EA] : 3E 01          	LD	A,01H
[80EC] : 32 07 90       	LD	(LND10),A
                        ;----------------------------
                        ; モントリオールの時間設定
                        ;----------------------------
[80EF] : 3E 00          	LD	A,00H
[80F1] : 32 08 90       	LD	(MTR01),A
[80F4] : 3E 01          	LD	A,01H
[80F6] : 32 09 90       	LD	(MTR10),A
                        ;----------------------------
                        ; ロサンゼルスの時間設定
                        ;----------------------------
[80F9] : 3E 07          	LD	A,07H
[80FB] : 32 0A 90       	LD	(LSS01),A
[80FE] : 3E 00          	LD	A,00H
[8100] : 32 0B 90       	LD	(LSS10),A
                        ;------------------------------------------------
                        ; メインルーチン
                        ;------------------------------------------------
[8103] : FB             	EI
[8104] : 18 FE          	JR	$
                        ;------------------------------------------------
                        ; 割り込み / タイマー
                        ;------------------------------------------------
                        ;
                        ;----------------------------
                        ; 時刻を文字に変換
                        ;---------------------------- 秒 : 1桁目
[8106] : 3A 04 90       INT1:	LD	A,(SEC01)
[8109] : 3C             	INC	A
[810A] : FE 0A          	CP	0AH
[810C] : C2 17 81       	JP	NZ,INT10
[810F] : 3E 00          	LD	A,00H
[8111] : 32 04 90       	LD	(SEC01),A
[8114] : C3 1D 81       	JP	SEC010
[8117] : 32 04 90       INT10:	LD	(SEC01),A
[811A] : C3 62 82       	JP	TIMER
                        ;---------------------------- 秒 : 2桁目
[811D] : 3A 05 90       SEC010:	LD	A,(SEC10)
[8120] : 3C             	INC	A
[8121] : FE 06          	CP	06H
[8123] : C2 2E 81       	JP	NZ,INT11
[8126] : 3E 00          	LD	A,00H
[8128] : 32 05 90       	LD	(SEC10),A
[812B] : C3 34 81       	JP	MIN001
[812E] : 32 05 90       INT11:	LD	(SEC10),A
[8131] : C3 62 82       	JP	TIMER
                        ;---------------------------- 分 : 1桁目
[8134] : 3A 02 90       MIN001:	LD	A,(MIN01)
[8137] : 3C             	INC	A
[8138] : FE 0A          	CP	0AH
[813A] : C2 45 81       	JP	NZ,INT12
[813D] : 3E 00          	LD	A,00H
[813F] : 32 02 90       	LD	(MIN01),A
[8142] : C3 4B 81       	JP	MIN010
[8145] : 32 02 90       INT12:	LD	(MIN01),A
[8148] : C3 62 82       	JP	TIMER
                        ;---------------------------- 分 : 2桁目
[814B] : 3A 03 90       MIN010:	LD	A,(MIN10)
[814E] : 3C             	INC	A
[814F] : FE 06          	CP	06H
[8151] : C2 5C 81       	JP	NZ,INT13
[8154] : 3E 00          	LD	A,00H
[8156] : 32 03 90       	LD	(MIN10),A
[8159] : C3 62 81       	JP	TYO001
[815C] : 32 03 90       INT13:	LD	(MIN10),A
[815F] : C3 62 82       	JP	TIMER
                        ;---------------------------- 東京 : 1桁目
[8162] : 3A 01 90       TYO001:	LD	A,(TYO10)
[8165] : FE 02          	CP	02H
[8167] : CA 81 81       	JP	Z,INT15
                        ;----------------------------
[816A] : 3A 00 90       	LD	A,(TYO01)
[816D] : 3C             	INC	A
[816E] : FE 0A          	CP	0AH
[8170] : C2 7B 81       	JP	NZ,INT14
[8173] : 3E 00          	LD	A,00H
[8175] : 32 00 90       	LD	(TYO01),A
[8178] : C3 9B 81       	JP	TYO010
[817B] : 32 00 90       INT14:	LD	(TYO01),A
[817E] : C3 A2 81       	JP	LND001
                        ;----------------------------
[8181] : 3A 00 90       INT15:	LD	A,(TYO01)
[8184] : 3C             	INC	A
[8185] : FE 04          	CP	04H
[8187] : C3 90 81       	JP	INT16
[818A] : 32 00 90       	LD	(TYO01),A
[818D] : C3 A2 81       	JP	LND001
[8190] : 3E 00          INT16:	LD	A,00H
[8192] : 32 01 90       	LD	(TYO10),A
[8195] : 32 00 90       	LD	(TYO01),A
[8198] : C3 A2 81       	JP	LND001
                        ;---------------------------- 東京 : 2桁目
[819B] : 3A 01 90       TYO010:	LD	A,(TYO10)
[819E] : 3C             	INC	A
[819F] : 32 01 90       	LD	(TYO10),A
                        ;---------------------------- ロンドン
[81A2] : 3A 07 90       LND001:	LD	A,(LND10)
[81A5] : FE 02          	CP	02H
[81A7] : CA C1 81       	JP	Z,INT18
                        ;----------------------------
[81AA] : 3A 06 90       	LD	A,(LND01)
[81AD] : 3C             	INC	A
[81AE] : FE 0A          	CP	0AH
[81B0] : C2 BB 81       	JP	NZ,INT17
[81B3] : 3E 00          	LD	A,00H
[81B5] : 32 06 90       	LD	(LND01),A
[81B8] : C3 DB 81       	JP	LND010
[81BB] : 32 06 90       INT17:	LD	(LND01),A
[81BE] : C3 E2 81       	JP	MTR001
                        ;----------------------------
[81C1] : 3A 06 90       INT18:	LD	A,(LND01)
[81C4] : 3C             	INC	A
[81C5] : FE 04          	CP	04H
[81C7] : C3 90 81       	JP	INT16
[81CA] : 32 06 90       	LD	(LND01),A
[81CD] : C3 A2 81       	JP	LND001
[81D0] : 3E 00          INT19:	LD	A,00H
[81D2] : 32 07 90       	LD	(LND10),A
[81D5] : 32 06 90       	LD	(LND01),A
[81D8] : C3 E2 81       	JP	MTR001
                        ;---------------------------- ロンドン : 2桁目
[81DB] : 3A 07 90       LND010:	LD	A,(LND10)
[81DE] : 3C             	INC	A
[81DF] : 32 07 90       	LD	(LND10),A
                        ;---------------------------- モントリオール
[81E2] : 3A 09 90       MTR001:	LD	A,(MTR10)
[81E5] : FE 02          	CP	02H
[81E7] : CA 01 82       	JP	Z,INT1B
                        ;----------------------------
[81EA] : 3A 08 90       	LD	A,(MTR01)
[81ED] : 3C             	INC	A
[81EE] : FE 0A          	CP	0AH
[81F0] : C2 FB 81       	JP	NZ,INT1A
[81F3] : 3E 00          	LD	A,00H
[81F5] : 32 08 90       	LD	(MTR01),A
[81F8] : C3 1B 82       	JP	MTR010
[81FB] : 32 08 90       INT1A:	LD	(MTR01),A
[81FE] : C3 22 82       	JP	LSS001
                        ;----------------------------
[8201] : 3A 08 90       INT1B:	LD	A,(MTR01)
[8204] : 3C             	INC	A
[8205] : FE 04          	CP	04H
[8207] : C3 10 82       	JP	INT1C
[820A] : 32 08 90       	LD	(MTR01),A
[820D] : C3 22 82       	JP	LSS001
[8210] : 3E 00          INT1C:	LD	A,00H
[8212] : 32 09 90       	LD	(MTR10),A
[8215] : 32 08 90       	LD	(MTR01),A
[8218] : C3 22 82       	JP	LSS001
                        ;---------------------------- モントリオール : 2桁目
[821B] : 3A 09 90       MTR010:	LD	A,(MTR10)
[821E] : 3C             	INC	A
[821F] : 32 09 90       	LD	(MTR10),A
                        ;---------------------------- ロサンゼルス
[8222] : 3A 0B 90       LSS001:	LD	A,(LSS10)
[8225] : FE 02          	CP	02H
[8227] : CA 41 82       	JP	Z,INT1E
                        ;----------------------------
[822A] : 3A 0A 90       	LD	A,(LSS01)
[822D] : 3C             	INC	A
[822E] : FE 0A          	CP	0AH
[8230] : C2 3B 82       	JP	NZ,INT1D
[8233] : 3E 00          	LD	A,00H
[8235] : 32 0A 90       	LD	(LSS01),A
[8238] : C3 5B 82       	JP	LSS010
[823B] : 32 0A 90       INT1D:	LD	(LSS01),A
[823E] : C3 62 82       	JP	TIMER
                        ;----------------------------
[8241] : 3A 0A 90       INT1E:	LD	A,(LSS01)
[8244] : 3C             	INC	A
[8245] : FE 04          	CP	04H
[8247] : C3 50 82       	JP	INT1F
[824A] : 32 0A 90       	LD	(LSS01),A
[824D] : C3 62 82       	JP	TIMER
[8250] : 3E 00          INT1F:	LD	A,00H
[8252] : 32 0B 90       	LD	(LSS10),A
[8255] : 32 0A 90       	LD	(LSS01),A
[8258] : C3 62 82       	JP	TIMER
                        ;---------------------------- ロサンゼルス : 2桁目
[825B] : 3A 0B 90       LSS010:	LD	A,(LSS10)
[825E] : 3C             	INC	A
[825F] : 32 0B 90       	LD	(LSS10),A
                        ;--------------------------------------
                        ; 時刻の表示 : 東京
                        ;--------------------------------------
                        ; キャレットの移動
                        ;----------------------------
[8262] : CD 96 83       TIMER:	CALL	R000
[8265] : 3E 89          	LD	A,89H
[8267] : CD E3 82       	CALL	INSSET
[826A] : CD A4 83       	CALL	R010
                        ;---------------------------- 時 : 2桁目
[826D] : 3A 01 90       	LD	A,(TYO10)
[8270] : CD 03 83       	CALL	HOUR
                        ;---------------------------- 時 : 1桁目
[8273] : 3A 00 90       	LD	A,(TYO01)
[8276] : CD 03 83       	CALL	HOUR
                        ;----------------------------
[8279] : CD 0F 83       	CALL	TIME
                        ;--------------------------------------
                        ; 時刻の表示 : ロンドン
                        ;--------------------------------------
                        ; キャレットの移動
                        ;----------------------------
[827C] : CD 96 83       	CALL	R000
[827F] : 3E C9          	LD	A,0C9H
[8281] : CD E3 82       	CALL	INSSET
[8284] : CD A4 83       	CALL	R010
                        ;---------------------------- 時 : 2桁目
[8287] : 3A 07 90       	LD	A,(LND10)
[828A] : CD 03 83       	CALL	HOUR
                        ;---------------------------- 時 : 1桁目
[828D] : 3A 06 90       	LD	A,(LND01)
[8290] : CD 03 83       	CALL	HOUR
                        ;----------------------------
[8293] : CD 0F 83       	CALL	TIME
                        ;--------------------------------------
                        ; 時刻の表示 : モントリオール
                        ;--------------------------------------
                        ; キャレットの移動
                        ;----------------------------
[8296] : CD 96 83       	CALL	R000
[8299] : 3E 9D          	LD	A,09DH
[829B] : CD E3 82       	CALL	INSSET
[829E] : CD A4 83       	CALL	R010
                        ;---------------------------- 時 : 2桁目
[82A1] : 3A 09 90       	LD	A,(MTR10)
[82A4] : CD 03 83       	CALL	HOUR
                        ;---------------------------- 時 : 1桁目
[82A7] : 3A 08 90       	LD	A,(MTR01)
[82AA] : CD 03 83       	CALL	HOUR
                        ;----------------------------
[82AD] : CD 0F 83       	CALL	TIME
                        ;--------------------------------------
                        ; 時刻の表示 : ロサンゼルス
                        ;--------------------------------------
                        ; キャレットの移動
                        ;----------------------------
[82B0] : CD 96 83       	CALL	R000
[82B3] : 3E DD          	LD	A,0DDH
[82B5] : CD E3 82       	CALL	INSSET
[82B8] : CD A4 83       	CALL	R010
                        ;---------------------------- 時 : 2桁目
[82BB] : 3A 0B 90       	LD	A,(LSS10)
[82BE] : CD 03 83       	CALL	HOUR
                        ;---------------------------- 時 : 1桁目
[82C1] : 3A 0A 90       	LD	A,(LSS01)
[82C4] : CD 03 83       	CALL	HOUR
                        ;----------------------------
[82C7] : CD 0F 83       	CALL	TIME
                        ;----------------------------
[82CA] : FB             	EI
[82CB] : ED 4D          	RETI
                        ;------------------------------------------------
                        ; サブルーチン
                        ;------------------------------------------------
                        ;
                        ;----------------------------
                        ; インストラクションの設定
                        ;----------------------------
[82CD] : CD 96 83       INSINI:	CALL	R000
[82D0] : CD 78 83       	CALL	WAIT
                        ;
                        ; ファンクションセット：
                        ;   インターフェイスデータ長8bit
                        ;   デューティ16分の1
                        ;   5x7ドットマトリクス
                        ;
[82D3] : 3E 38          	LD	A,38H
[82D5] : CD E3 82       	CALL	INSSET
                        ;
                        ; 表示オンオフ：
                        ;   表示ON
                        ;   カーソル/ブリンクOFF
                        ;
[82D8] : 3E 0C          	LD	A,0CH
[82DA] : CD E3 82       	CALL	INSSET
                        ;
                        ; エントリーモード
                        ;   カーソルはインクリメント
                        ;   表示はシフトしない
                        ;
[82DD] : 3E 06          	LD	A,06H
[82DF] : CD E3 82       	CALL	INSSET
                        ;
[82E2] : C9             	RET
                        ;----------------------------
                        ; 簡単インストラクション設定
                        ;----------------------------
[82E3] : CD 9D 83       INSSET:	CALL	R001
[82E6] : D3 1C          	OUT	(PAD),A
[82E8] : CD 78 83       	CALL	WAIT
[82EB] : CD 96 83       	CALL	R000
[82EE] : C9             	RET
                        ;----------------------------
                        ; CGRAM/DDRAMに書き込み
                        ;----------------------------
[82EF] : CD AB 83       WRITE:	CALL	R011
[82F2] : D3 1C          	OUT	(PAD),A
[82F4] : CD 78 83       	CALL	WAIT
[82F7] : CD A4 83       	CALL	R010
[82FA] : C9             	RET
                        ;----------------------------
                        ; 表示をクリア
                        ;----------------------------
[82FB] : F5             CLEAR:	PUSH	AF
[82FC] : 3E 01          	LD	A,01H
[82FE] : CD E3 82       	CALL	INSSET
[8301] : F1             	POP	AF
[8302] : C9             	RET
                        ;----------------------------
                        ; 簡単時間書き込み
                        ;----------------------------
[8303] : C6 30          HOUR:	ADD	A,30H
[8305] : CD EF 82       	CALL	WRITE
[8308] : C9             	RET
                        ;----------------------------
                        ; コロンを表示
                        ;----------------------------
[8309] : 3E 3A          CORON:	LD	A,3AH
[830B] : CD EF 82       	CALL	WRITE
[830E] : C9             	RET
                        ;----------------------------
                        ; コロン + 分 + コロン + 秒
                        ;----------------------------
[830F] : CD 09 83       TIME:	CALL	CORON
                        ;----------------------------
[8312] : 3A 03 90       	LD	A,(MIN10)
[8315] : C6 30          	ADD	A,30H
[8317] : CD EF 82       	CALL	WRITE
                        ;----------------------------
[831A] : 3A 02 90       	LD	A,(MIN01)
[831D] : C6 30          	ADD	A,30H
[831F] : CD EF 82       	CALL	WRITE
                        ;----------------------------
[8322] : CD 09 83       	CALL	CORON
                        ;----------------------------
[8325] : 3A 05 90       	LD	A,(SEC10)
[8328] : C6 30          	ADD	A,30H
[832A] : CD EF 82       	CALL	WRITE
                        ;----------------------------
[832D] : 3A 04 90       	LD	A,(SEC01)
[8330] : C6 30          	ADD	A,30H
[8332] : CD EF 82       	CALL	WRITE
                        ;----------------------------
[8335] : C9             	RET
                        ;--------------------------------------
                        ;
                        ;----------------------------
                        ; WDTINIの設定
                        ;----------------------------
[8336] : 3E DB          WDTINI:	LD	A,0DBH
[8338] : D3 F1          	OUT	(HALTMCR),A
[833A] : 3E 7B          	LD	A,7BH
[833C] : D3 F0          	OUT	(HALTMR),A
[833E] : 3E B1          	LD	A,0B1H
[8340] : D3 F1          	OUT	(HALTMCR),A
[8342] : C9             	RET
                        ;----------------------------
                        ; CPUINIの設定
                        ;----------------------------
[8343] : ED 5E          CPUINI:	IM	2
[8345] : 3E 8F          	LD	A,8FH
[8347] : ED 47          	LD	I,A
[8349] : C9             	RET
                        ;----------------------------
                        ; CTCINIの設定
                        ;----------------------------
[834A] : 3E 00          CTCINI:	LD	A,0
[834C] : D3 10          	OUT	(CTC0),A
[834E] : 3E D5          	LD	A,0D5H
[8350] : D3 12          	OUT	(CTC2),A
[8352] : 3E 96          	LD	A,150
[8354] : D3 12          	OUT	(CTC2),A
[8356] : 3E 35          	LD	A,35H
[8358] : D3 13          	OUT	(CTC3),A
[835A] : 3E 00          	LD	A,0
[835C] : D3 13          	OUT	(CTC3),A
[835E] : C9             	RET
                        ;----------------------------
                        ; PIOINIの設定
                        ;----------------------------
[835F] : 3E CF          PIOINI:	LD	A,0CFH
[8361] : D3 1D          	OUT	(PAC),A
[8363] : 3E 00          	LD	A,0
[8365] : D3 1D          	OUT	(PAC),A
[8367] : 3E CF          	LD	A,0CFH
[8369] : D3 1F          	OUT	(PBC),A
[836B] : 3E 00          	LD	A,0
[836D] : D3 1F          	OUT	(PBC),A
[836F] : C9             	RET
                        ;----------------------------
                        ; IVSETの設定
                        ;----------------------------
[8370] : 01 06 81       IVSET:	LD	BC,INT1
[8373] : ED 43 04 8F    	LD	(8F04H),BC
[8377] : C9             	RET
                        ;--------------------------------------
                        ;
                        ;----------------------------
                        ; 時間待ち
                        ;----------------------------
[8378] : C5             WAIT:	PUSH	BC
[8379] : 0E 08          	LD	C,08H
[837B] : 06 FF          W2:	LD	B,0FFH
[837D] : 05             W3:	DEC	B
[837E] : C2 7D 83       	JP	NZ,W3
[8381] : 0D             	DEC	C
[8382] : C2 7B 83       	JP	NZ,W2
[8385] : C1             	POP	BC
[8386] : C9             	RET
                        ;----------------------------
                        ; 時間待ち(長い)
                        ;----------------------------
[8387] : C5             LWAIT:	PUSH	BC
[8388] : 0E 00          	LD	C,0
[838A] : 06 00          LW2:	LD	B,0
[838C] : 05             LW3:	DEC	B
[838D] : C2 8C 83       	JP	NZ,LW3
[8390] : 0D             	DEC	C
[8391] : C2 8A 83       	JP	NZ,LW2
[8394] : C1             	POP	BC
[8395] : C9             	RET
                        ;----------------------------
                        ; インストラクションの設定[開始/終了]
                        ;----------------------------
[8396] : F5             R000:	PUSH	AF
[8397] : 3E 00          	LD	A,00H
[8399] : D3 1E          	OUT	(PBD),A
[839B] : F1             	POP	AF
[839C] : C9             	RET
                        ;----------------------------
                        ; インストラクションの設定
                        ;----------------------------
[839D] : F5             R001:	PUSH	AF
[839E] : 3E 04          	LD	A,04H
[83A0] : D3 1E          	OUT	(PBD),A
[83A2] : F1             	POP	AF
[83A3] : C9             	RET
                        ;----------------------------
                        ; 文字データ書き込み[開始/終了]
                        ;----------------------------
[83A4] : F5             R010:	PUSH	AF
[83A5] : 3E 01          	LD	A,01H
[83A7] : D3 1E          	OUT	(PBD),A
[83A9] : F1             	POP	AF
[83AA] : C9             	RET
                        ;----------------------------
                        ; 文字データ書き込み
                        ;----------------------------
[83AB] : F5             R011:	PUSH	AF
[83AC] : 3E 05          	LD	A,05H
[83AE] : D3 1E          	OUT	(PBD),A
[83B0] : F1             	POP	AF
[83B1] : C9             	RET
                        ;--------------------------------------
                        	END
                        ;[EOF]
